
> dribdoweb@0.1.0 dev
> next dev --webpack

▲ Next.js 16.1.6 (webpack)
- Local:         http://localhost:3000
- Network:       http://192.168.50.130:3000
- Environments: .env.local

✓ Starting...
✓ Ready in 4s
○ Compiling / ...
 GET / 200 in 6.9s (compile: 4.6s, render: 2.2s)
 GET /manifest.webmanifest 200 in 2.4s (compile: 2.4s, render: 51ms)
○ Compiling /favicon.ico ...
 GET /moments 200 in 5.9s (compile: 5.7s, render: 246ms)
 GET /favicon.ico?v=6 200 in 5.7s (compile: 5.4s, render: 275ms)
 GET /manifest.webmanifest 200 in 97ms (compile: 65ms, render: 32ms)
 GET /api/moments/market-feed?limit=12 200 in 1965ms (compile: 796ms, render: 1169ms)
 GET /product/fb834960-66b6-4bf0-926b-d5ca737a6bb4 200 in 3.2s (compile: 1892ms, render: 1324ms)
 GET /product/fb834960-66b6-4bf0-926b-d5ca737a6bb4 200 in 3.1s (compile: 1169ms, render: 1940ms)
 GET /manifest.webmanifest 200 in 1070ms (compile: 1000ms, render: 69ms)
 GET /moments 200 in 248ms (compile: 143ms, render: 106ms)
 GET /manifest.webmanifest 200 in 45ms (compile: 12ms, render: 33ms)
 GET /api/moments/market-feed?limit=12 200 in 1582ms (compile: 778ms, render: 804ms)
 GET /api/moments/market-feed?limit=12 200 in 1137ms (compile: 15ms, render: 1122ms)
 GET /moments 200 in 602ms (compile: 126ms, render: 475ms)
 GET /moments 200 in 103ms (compile: 10ms, render: 93ms)
 GET /manifest.webmanifest 200 in 37ms (compile: 17ms, render: 20ms)
 GET /moments 200 in 230ms (compile: 116ms, render: 114ms)
 GET /manifest.webmanifest 200 in 36ms (compile: 15ms, render: 22ms)
 GET /api/moments/market-feed?limit=12 200 in 2.3s (compile: 1188ms, render: 1088ms)
 GET /api/moments/market-feed?limit=12 200 in 1803ms (compile: 1003ms, render: 800ms)
 GET /api/moments/reels-feed?limit=14&viewerId=62fb0b2e-8cdd-4226-878f-3eec5131952c 200 in 3.4s (compile: 1829ms, render: 1538ms)
 GET /moments 200 in 218ms (compile: 100ms, render: 118ms)
 GET /manifest.webmanifest 200 in 1066ms (compile: 1044ms, render: 22ms)
 GET /api/moments/market-feed?limit=12 200 in 2.5s (compile: 927ms, render: 1585ms)
 GET /product/52ff4452-bb2b-4db2-bb32-37c717a6872b 200 in 1142ms (compile: 90ms, render: 1052ms)
 GET /manifest.webmanifest 200 in 29ms (compile: 15ms, render: 14ms)
 GET /manifest.webmanifest 200 in 87ms (compile: 51ms, render: 36ms)
 GET /api/moments/market-feed?limit=12 200 in 766ms (compile: 17ms, render: 749ms)
 GET /product/fb834960-66b6-4bf0-926b-d5ca737a6bb4 200 in 999ms (compile: 36ms, render: 964ms)
 GET /manifest.webmanifest 200 in 16ms (compile: 9ms, render: 7ms)
 GET /product/fb834960-66b6-4bf0-926b-d5ca737a6bb4 200 in 462ms (compile: 196ms, render: 266ms)
 GET /manifest.webmanifest 200 in 630ms (compile: 605ms, render: 24ms)
 GET /moments 200 in 349ms (compile: 259ms, render: 90ms)
 GET /manifest.webmanifest 200 in 29ms (compile: 12ms, render: 16ms)
 GET /moments 200 in 412ms (compile: 20ms, render: 392ms)
 GET /moments 200 in 63ms (compile: 7ms, render: 56ms)
 GET /manifest.webmanifest 200 in 16ms (compile: 3ms, render: 13ms)
 GET /moments 200 in 1645ms (compile: 1440ms, render: 205ms)
 GET /moments 200 in 161ms (compile: 10ms, render: 151ms)
 GET /moments 200 in 118ms (compile: 13ms, render: 105ms)
 GET /moments 200 in 63ms (compile: 12ms, render: 51ms)
 GET /manifest.webmanifest 200 in 37ms (compile: 18ms, render: 19ms)
 GET /moments 200 in 352ms (compile: 33ms, render: 319ms)
 GET /moments 200 in 74ms (compile: 10ms, render: 65ms)
 GET /manifest.webmanifest 200 in 17ms (compile: 5ms, render: 12ms)
 GET /moments 200 in 113ms (compile: 18ms, render: 95ms)
 GET /manifest.webmanifest 200 in 23ms (compile: 7ms, render: 16ms)
 GET /moments 200 in 264ms (compile: 167ms, render: 97ms)
 GET /manifest.webmanifest 200 in 32ms (compile: 14ms, render: 18ms)
 GET /api/moments/real-estate-feed?limit=12 200 in 4.4s (compile: 977ms, render: 3.4s)
 GET /api/moments/real-estate-feed?limit=12 200 in 9.6s (compile: 982ms, render: 8.6s)
 GET /api/moments/jobs-feed?limit=12 200 in 2.2s (compile: 643ms, render: 1565ms)
 GET /api/moments/jobs-feed?limit=12 200 in 2.2s (compile: 645ms, render: 1574ms)
 GET /moments 200 in 746ms (compile: 162ms, render: 584ms)
 GET /moments 200 in 294ms (compile: 11ms, render: 283ms)
 GET /moments 200 in 219ms (compile: 35ms, render: 183ms)
 GET /moments 200 in 1213ms (compile: 865ms, render: 348ms)
 GET /moments 200 in 270ms (compile: 20ms, render: 249ms)
 GET /manifest.webmanifest 200 in 1157ms (compile: 1098ms, render: 60ms)
 GET /api/moments/charity-feed?limit=12 200 in 1226ms (compile: 479ms, render: 747ms)
 GET /api/moments/charity-feed?limit=12 200 in 1377ms (compile: 483ms, render: 894ms)
 GET /api/moments/jobs-feed?limit=12 200 in 836ms (compile: 24ms, render: 813ms)
 GET /api/moments/jobs-feed?limit=12 200 in 893ms (compile: 21ms, render: 873ms)
 GET /api/moments/real-estate-feed?limit=12 200 in 1853ms (compile: 1248ms, render: 605ms)
 GET /api/moments/real-estate-feed?limit=12 200 in 1858ms (compile: 1246ms, render: 612ms)
 GET /api/moments/market-feed?limit=12 200 in 1571ms (compile: 888ms, render: 683ms)
 GET /moments 200 in 319ms (compile: 139ms, render: 180ms)
 GET /manifest.webmanifest 200 in 789ms (compile: 766ms, render: 23ms)
 GET /api/moments/reels-feed?limit=14&viewerId=62fb0b2e-8cdd-4226-878f-3eec5131952c 200 in 3.1s (compile: 1136ms, render: 1973ms)
 GET /api/moments/market-feed?limit=12 200 in 1560ms (compile: 38ms, render: 1522ms)
 GET /moments 200 in 530ms (compile: 113ms, render: 417ms)
 GET /moments 200 in 5.5s (compile: 5.2s, render: 331ms)
 GET /moments 200 in 201ms (compile: 10ms, render: 191ms)
 GET /moments 200 in 119ms (compile: 19ms, render: 100ms)
 GET /manifest.webmanifest 200 in 93ms (compile: 63ms, render: 30ms)
 GET /moments 200 in 80ms (compile: 11ms, render: 69ms)
 GET /manifest.webmanifest 200 in 19ms (compile: 4ms, render: 15ms)
 GET /moments 200 in 307ms (compile: 212ms, render: 95ms)
 GET /manifest.webmanifest 200 in 512ms (compile: 491ms, render: 21ms)
 GET /moments 200 in 289ms (compile: 201ms, render: 87ms)
 GET /manifest.webmanifest 200 in 79ms (compile: 29ms, render: 51ms)
 GET /moments 200 in 215ms (compile: 115ms, render: 100ms)
 GET /manifest.webmanifest 200 in 32ms (compile: 15ms, render: 17ms)
 GET /moments 200 in 218ms (compile: 122ms, render: 95ms)
 GET /manifest.webmanifest 200 in 42ms (compile: 18ms, render: 23ms)
 GET /moments 200 in 313ms (compile: 221ms, render: 92ms)
 GET /manifest.webmanifest 200 in 479ms (compile: 458ms, render: 21ms)
 GET /moments 200 in 348ms (compile: 234ms, render: 114ms)
 GET /manifest.webmanifest 200 in 529ms (compile: 507ms, render: 22ms)
 GET /moments 200 in 310ms (compile: 224ms, render: 86ms)
 GET /manifest.webmanifest 200 in 416ms (compile: 396ms, render: 20ms)
 GET /api/moments/real-estate-feed?limit=12 200 in 1613ms (compile: 936ms, render: 677ms)
 GET /api/moments/real-estate-feed?limit=12 200 in 1637ms (compile: 940ms, render: 698ms)
 GET /property/3da2af98-5b74-41a3-8bc7-db3ee345a45a 200 in 2.6s (compile: 1900ms, render: 707ms)
 GET /manifest.webmanifest 200 in 617ms (compile: 598ms, render: 19ms)
 GET /manifest.webmanifest 200 in 21ms (compile: 6ms, render: 15ms)
 GET /post/e24c0334-3c0f-4d71-b107-4ff2fd52663e 200 in 1354ms (compile: 17ms, render: 1337ms)
 GET /post/e24c0334-3c0f-4d71-b107-4ff2fd52663e 200 in 4.0s (compile: 2.4s, render: 1593ms)
 GET /manifest.webmanifest 200 in 55ms (compile: 36ms, render: 18ms)
 GET /moments 200 in 116ms (compile: 53ms, render: 63ms)
 GET /manifest.webmanifest 200 in 13ms (compile: 5ms, render: 8ms)
 GET /api/moments/jobs-feed?limit=12 200 in 1789ms (compile: 540ms, render: 1249ms)
 GET /api/moments/jobs-feed?limit=12 200 in 1925ms (compile: 537ms, render: 1388ms)
 GET /job/d1f4d204-0677-4290-bf2a-8a511cd10203 200 in 3.1s (compile: 1542ms, render: 1520ms)
 GET /manifest.webmanifest 200 in 51ms (compile: 24ms, render: 27ms)
 GET /manifest.webmanifest 200 in 19ms (compile: 7ms, render: 13ms)
 GET /api/moments/charity-feed?limit=12 200 in 1043ms (compile: 575ms, render: 468ms)
 GET /api/moments/charity-feed?limit=12 200 in 1338ms (compile: 577ms, render: 761ms)
 GET /charity/1c1dcfd0-7ad3-44b8-be9e-d1013b09ae03 200 in 2.6s (compile: 1473ms, render: 1145ms)
 GET /manifest.webmanifest 200 in 26ms (compile: 16ms, render: 10ms)
 GET /manifest.webmanifest 200 in 17ms (compile: 7ms, render: 9ms)
 GET /api/moments/charity-feed?limit=12 200 in 520ms (compile: 16ms, render: 504ms)
 GET /api/moments/charity-feed?limit=12 200 in 846ms (compile: 13ms, render: 833ms)
 GET /api/moments/jobs-feed?limit=12 200 in 591ms (compile: 18ms, render: 573ms)
 GET /api/moments/jobs-feed?limit=12 200 in 598ms (compile: 16ms, render: 582ms)
 GET /api/moments/real-estate-feed?limit=12 200 in 1585ms (compile: 908ms, render: 677ms)
 GET /api/moments/real-estate-feed?limit=12 200 in 1587ms (compile: 896ms, render: 690ms)
 GET /moments 200 in 2.1s (compile: 406ms, render: 1735ms)
 GET /manifest.webmanifest 200 in 55ms (compile: 36ms, render: 18ms)
